C:\Users\ASUS\AppData\Local\Programs\Python\Python313\Lib\site-packages\pydantic\_internal\_fields.py:132: UserWarning: Field "model_pre_quali_path" in Settings has conflict with protected namespace "model_".

You may be able to resolve this warning by setting `model_config['protected_namespaces'] = ('settings_',)`.
  warnings.warn(
C:\Users\ASUS\AppData\Local\Programs\Python\Python313\Lib\site-packages\pydantic\_internal\_fields.py:132: UserWarning: Field "model_post_quali_path" in Settings has conflict with protected namespace "model_".

You may be able to resolve this warning by setting `model_config['protected_namespaces'] = ('settings_',)`.
  warnings.warn(
C:\Users\ASUS\AppData\Local\Programs\Python\Python313\Lib\site-packages\pydantic\_internal\_fields.py:132: UserWarning: Field "model_pole_path" in Settings has conflict with protected namespace "model_".

You may be able to resolve this warning by setting `model_config['protected_namespaces'] = ('settings_',)`.
  warnings.warn(
2026-06-03 20:36:28,303 INFO __main__: Resuming: 2060 quali rows already loaded (92 rounds with valid times)
2026-06-03 20:36:29,998 INFO __main__: Pulling 2018 round 1 (race=True, quali=False)
core           INFO 	Loading data for Australian Grand Prix - Race [v3.4.4]
2026-06-03 20:36:30,554 INFO fastf1.fastf1.core: Loading data for Australian Grand Prix - Race [v3.4.4]
req            INFO 	Using cached data for session_info
2026-06-03 20:36:30,555 INFO fastf1.fastf1.req: Using cached data for session_info
req            INFO 	Using cached data for driver_info
2026-06-03 20:36:30,556 INFO fastf1.fastf1.req: Using cached data for driver_info
core           INFO 	Finished loading data for 20 drivers: ['5', '44', '7', '3', '14', '33', '27', '77', '2', '55', '11', '31', '16', '18', '28', '8', '20', '10', '9', '35']
2026-06-03 20:36:31,313 INFO fastf1.fastf1.core: Finished loading data for 20 drivers: ['5', '44', '7', '3', '14', '33', '27', '77', '2', '55', '11', '31', '16', '18', '28', '8', '20', '10', '9', '35']
2026-06-03 20:36:31,377 INFO __main__: Pulling 2018 round 2 (race=True, quali=False)
core           INFO 	Loading data for Bahrain Grand Prix - Race [v3.4.4]
2026-06-03 20:36:31,924 INFO fastf1.fastf1.core: Loading data for Bahrain Grand Prix - Race [v3.4.4]
req            INFO 	Using cached data for session_info
2026-06-03 20:36:31,925 INFO fastf1.fastf1.req: Using cached data for session_info
req            INFO 	Using cached data for driver_info
2026-06-03 20:36:31,925 INFO fastf1.fastf1.req: Using cached data for driver_info
core           INFO 	Finished loading data for 20 drivers: ['5', '77', '44', '10', '20', '27', '14', '2', '9', '31', '55', '16', '8', '18', '35', '11', '28', '7', '33', '3']
2026-06-03 20:36:32,329 INFO fastf1.fastf1.core: Finished loading data for 20 drivers: ['5', '77', '44', '10', '20', '27', '14', '2', '9', '31', '55', '16', '8', '18', '35', '11', '28', '7', '33', '3']
2026-06-03 20:36:32,350 INFO __main__: Pulling 2018 round 3 (race=True, quali=False)
core           INFO 	Loading data for Chinese Grand Prix - Race [v3.4.4]
2026-06-03 20:36:32,897 INFO fastf1.fastf1.core: Loading data for Chinese Grand Prix - Race [v3.4.4]
req            INFO 	Using cached data for session_info
2026-06-03 20:36:32,898 INFO fastf1.fastf1.req: Using cached data for session_info
req            INFO 	Using cached data for driver_info
2026-06-03 20:36:32,899 INFO fastf1.fastf1.req: Using cached data for driver_info
core           INFO 	Finished loading data for 20 drivers: ['3', '77', '7', '44', '33', '27', '14', '5', '55', '20', '31', '11', '2', '18', '35', '9', '8', '10', '16', '28']
2026-06-03 20:36:33,134 INFO fastf1.fastf1.core: Finished loading data for 20 drivers: ['3', '77', '7', '44', '33', '27', '14', '5', '55', '20', '31', '11', '2', '18', '35', '9', '8', '10', '16', '28']
2026-06-03 20:36:33,159 INFO __main__: Pulling 2018 round 4 (race=True, quali=False)
core           INFO 	Loading data for Azerbaijan Grand Prix - Race [v3.4.4]
2026-06-03 20:36:33,718 INFO fastf1.fastf1.core: Loading data for Azerbaijan Grand Prix - Race [v3.4.4]
req            INFO 	Using cached data for session_info
2026-06-03 20:36:33,719 INFO fastf1.fastf1.req: Using cached data for session_info
req            INFO 	Using cached data for driver_info
2026-06-03 20:36:33,720 INFO fastf1.fastf1.req: Using cached data for driver_info
core           INFO 	Finished loading data for 20 drivers: ['44', '7', '11', '5', '55', '16', '14', '18', '2', '28', '9', '10', '20', '77', '8', '33', '3', '27', '31', '35']
2026-06-03 20:36:33,906 INFO fastf1.fastf1.core: Finished loading data for 20 drivers: ['44', '7', '11', '5', '55', '16', '14', '18', '2', '28', '9', '10', '20', '77', '8', '33', '3', '27', '31', '35']
2026-06-03 20:36:33,927 INFO __main__: Pulling 2018 round 5 (race=True, quali=False)
core           INFO 	Loading data for Spanish Grand Prix - Race [v3.4.4]
2026-06-03 20:36:34,474 INFO fastf1.fastf1.core: Loading data for Spanish Grand Prix - Race [v3.4.4]
req            INFO 	Using cached data for session_info
2026-06-03 20:36:34,474 INFO fastf1.fastf1.req: Using cached data for session_info
req            INFO 	Using cached data for driver_info
2026-06-03 20:36:34,475 INFO fastf1.fastf1.req: Using cached data for driver_info
core           INFO 	Finished loading data for 20 drivers: ['44', '77', '33', '5', '3', '20', '55', '14', '11', '16', '18', '28', '9', '35', '2', '31', '7', '8', '10', '27']
2026-06-03 20:36:34,796 INFO fastf1.fastf1.core: Finished loading data for 20 drivers: ['44', '77', '33', '5', '3', '20', '55', '14', '11', '16', '18', '28', '9', '35', '2', '31', '7', '8', '10', '27']
2026-06-03 20:36:34,819 INFO __main__: Pulling 2018 round 6 (race=True, quali=False)
core           INFO 	Loading data for Monaco Grand Prix - Race [v3.4.4]
2026-06-03 20:36:35,377 INFO fastf1.fastf1.core: Loading data for Monaco Grand Prix - Race [v3.4.4]
req            INFO 	Using cached data for session_info
2026-06-03 20:36:35,378 INFO fastf1.fastf1.req: Using cached data for session_info
req            INFO 	Using cached data for driver_info
2026-06-03 20:36:35,378 INFO fastf1.fastf1.req: Using cached data for driver_info
core           INFO 	Finished loading data for 20 drivers: ['3', '5', '44', '7', '77', '31', '10', '27', '33', '55', '9', '11', '20', '2', '8', '35', '18', '16', '28', '14']
2026-06-03 20:36:35,817 INFO fastf1.fastf1.core: Finished loading data for 20 drivers: ['3', '5', '44', '7', '77', '31', '10', '27', '33', '55', '9', '11', '20', '2', '8', '35', '18', '16', '28', '14']
2026-06-03 20:36:35,839 INFO __main__: Pulling 2018 round 7 (race=True, quali=False)
core           INFO 	Loading data for Canadian Grand Prix - Race [v3.4.4]
2026-06-03 20:36:36,396 INFO fastf1.fastf1.core: Loading data for Canadian Grand Prix - Race [v3.4.4]
req            INFO 	Using cached data for session_info
2026-06-03 20:36:36,397 INFO fastf1.fastf1.req: Using cached data for session_info
req            INFO 	Using cached data for driver_info
2026-06-03 20:36:36,400 INFO fastf1.fastf1.req: Using cached data for driver_info
core           INFO 	Finished loading data for 20 drivers: ['5', '77', '33', '3', '44', '7', '27', '55', '31', '16', '10', '8', '20', '11', '9', '2', '35', '14', '28', '18']
2026-06-03 20:36:36,603 INFO fastf1.fastf1.core: Finished loading data for 20 drivers: ['5', '77', '33', '3', '44', '7', '27', '55', '31', '16', '10', '8', '20', '11', '9', '2', '35', '14', '28', '18']
2026-06-03 20:36:36,632 INFO __main__: Pulling 2018 round 8 (race=True, quali=False)
core           INFO 	Loading data for French Grand Prix - Race [v3.4.4]
2026-06-03 20:36:37,182 INFO fastf1.fastf1.core: Loading data for French Grand Prix - Race [v3.4.4]
req            INFO 	Using cached data for session_info
2026-06-03 20:36:37,183 INFO fastf1.fastf1.req: Using cached data for session_info
req            INFO 	Using cached data for driver_info
2026-06-03 20:36:37,183 INFO fastf1.fastf1.req: Using cached data for driver_info
core           INFO 	Finished loading data for 20 drivers: ['44', '33', '7', '3', '5', '20', '77', '55', '27', '16', '8', '2', '9', '28', '35', '14', '18', '11', '31', '10']
2026-06-03 20:36:37,567 INFO fastf1.fastf1.core: Finished loading data for 20 drivers: ['44', '33', '7', '3', '5', '20', '77', '55', '27', '16', '8', '2', '9', '28', '35', '14', '18', '11', '31', '10']
2026-06-03 20:36:37,593 INFO __main__: Pulling 2018 round 9 (race=True, quali=False)
core           INFO 	Loading data for Austrian Grand Prix - Race [v3.4.4]
2026-06-03 20:36:38,141 INFO fastf1.fastf1.core: Loading data for Austrian Grand Prix - Race [v3.4.4]
req            INFO 	Using cached data for session_info
2026-06-03 20:36:38,142 INFO fastf1.fastf1.req: Using cached data for session_info
req            INFO 	Using cached data for driver_info
2026-06-03 20:36:38,142 INFO fastf1.fastf1.req: Using cached data for driver_info
core           INFO 	Finished loading data for 20 drivers: ['33', '7', '5', '8', '20', '31', '11', '14', '16', '9', '10', '55', '35', '18', '2', '44', '28', '3', '77', '27']
2026-06-03 20:36:38,382 INFO fastf1.fastf1.core: Finished loading data for 20 drivers: ['33', '7', '5', '8', '20', '31', '11', '14', '16', '9', '10', '55', '35', '18', '2', '44', '28', '3', '77', '27']
2026-06-03 20:36:38,410 INFO __main__: Pulling 2018 round 10 (race=True, quali=False)
core           INFO 	Loading data for British Grand Prix - Race [v3.4.4]
2026-06-03 20:36:38,963 INFO fastf1.fastf1.core: Loading data for British Grand Prix - Race [v3.4.4]
req            INFO 	Using cached data for session_info
2026-06-03 20:36:38,965 INFO fastf1.fastf1.req: Using cached data for session_info
req            INFO 	Using cached data for driver_info
2026-06-03 20:36:38,967 INFO fastf1.fastf1.req: Using cached data for driver_info
core           INFO 	Finished loading data for 20 drivers: ['5', '44', '7', '77', '3', '27', '31', '14', '20', '11', '2', '18', '10', '35', '33', '8', '55', '9', '16', '28']
2026-06-03 20:36:39,179 INFO fastf1.fastf1.core: Finished loading data for 20 drivers: ['5', '44', '7', '77', '3', '27', '31', '14', '20', '11', '2', '18', '10', '35', '33', '8', '55', '9', '16', '28']
2026-06-03 20:36:39,203 INFO __main__: Pulling 2018 round 11 (race=True, quali=False)
core           INFO 	Loading data for German Grand Prix - Race [v3.4.4]
2026-06-03 20:36:39,763 INFO fastf1.fastf1.core: Loading data for German Grand Prix - Race [v3.4.4]
req            INFO 	Using cached data for session_info
2026-06-03 20:36:39,764 INFO fastf1.fastf1.req: Using cached data for session_info
req            INFO 	Using cached data for driver_info
2026-06-03 20:36:39,765 INFO fastf1.fastf1.req: Using cached data for driver_info
core           INFO 	Finished loading data for 20 drivers: ['44', '77', '7', '33', '27', '8', '11', '31', '9', '28', '20', '55', '2', '10', '16', '14', '18', '5', '35', '3']
2026-06-03 20:36:40,011 INFO fastf1.fastf1.core: Finished loading data for 20 drivers: ['44', '77', '7', '33', '27', '8', '11', '31', '9', '28', '20', '55', '2', '10', '16', '14', '18', '5', '35', '3']
2026-06-03 20:36:40,034 INFO __main__: Pulling 2018 round 12 (race=True, quali=False)
core           INFO 	Loading data for Hungarian Grand Prix - Race [v3.4.4]
2026-06-03 20:36:40,595 INFO fastf1.fastf1.core: Loading data for Hungarian Grand Prix - Race [v3.4.4]
req            INFO 	Using cached data for session_info
2026-06-03 20:36:40,595 INFO fastf1.fastf1.req: Using cached data for session_info
req            INFO 	Using cached data for driver_info
2026-06-03 20:36:40,596 INFO fastf1.fastf1.req: Using cached data for driver_info
core           INFO 	Finished loading data for 20 drivers: ['44', '5', '7', '3', '77', '10', '20', '14', '55', '8', '28', '27', '31', '11', '9', '35', '18', '2', '33', '16']
2026-06-03 20:36:40,830 INFO fastf1.fastf1.core: Finished loading data for 20 drivers: ['44', '5', '7', '3', '77', '10', '20', '14', '55', '8', '28', '27', '31', '11', '9', '35', '18', '2', '33', '16']
2026-06-03 20:36:40,851 INFO __main__: Pulling 2018 round 13 (race=True, quali=False)
core           INFO 	Loading data for Belgian Grand Prix - Race [v3.4.4]
2026-06-03 20:36:41,419 INFO fastf1.fastf1.core: Loading data for Belgian Grand Prix - Race [v3.4.4]
req            INFO 	Using cached data for session_info
2026-06-03 20:36:41,420 INFO fastf1.fastf1.req: Using cached data for session_info
req            INFO 	Using cached data for driver_info
2026-06-03 20:36:41,421 INFO fastf1.fastf1.req: Using cached data for driver_info
core           INFO 	Finished loading data for 20 drivers: ['5', '44', '33', '77', '11', '31', '8', '20', '10', '9', '55', '35', '18', '28', '2', '3', '7', '16', '14', '27']
2026-06-03 20:36:41,662 INFO fastf1.fastf1.core: Finished loading data for 20 drivers: ['5', '44', '33', '77', '11', '31', '8', '20', '10', '9', '55', '35', '18', '28', '2', '3', '7', '16', '14', '27']
2026-06-03 20:36:41,689 INFO __main__: Pulling 2018 round 14 (race=True, quali=False)
core           INFO 	Loading data for Italian Grand Prix - Race [v3.4.4]
2026-06-03 20:36:42,244 INFO fastf1.fastf1.core: Loading data for Italian Grand Prix - Race [v3.4.4]
req            INFO 	Using cached data for session_info
2026-06-03 20:36:42,245 INFO fastf1.fastf1.req: Using cached data for session_info
req            INFO 	Using cached data for driver_info
2026-06-03 20:36:42,246 INFO fastf1.fastf1.req: Using cached data for driver_info
core           INFO 	Finished loading data for 20 drivers: ['44', '7', '77', '5', '33', '31', '11', '55', '18', '35', '16', '2', '27', '10', '9', '20', '3', '14', '28', '8']
2026-06-03 20:36:42,479 INFO fastf1.fastf1.core: Finished loading data for 20 drivers: ['44', '7', '77', '5', '33', '31', '11', '55', '18', '35', '16', '2', '27', '10', '9', '20', '3', '14', '28', '8']
2026-06-03 20:36:42,503 INFO __main__: Pulling 2018 round 15 (race=True, quali=False)
core           INFO 	Loading data for Singapore Grand Prix - Race [v3.4.4]
2026-06-03 20:36:43,061 INFO fastf1.fastf1.core: Loading data for Singapore Grand Prix - Race [v3.4.4]
req            INFO 	Using cached data for session_info
2026-06-03 20:36:43,061 INFO fastf1.fastf1.req: Using cached data for session_info
req            INFO 	Using cached data for driver_info
2026-06-03 20:36:43,062 INFO fastf1.fastf1.req: Using cached data for driver_info
core           INFO 	Finished loading data for 20 drivers: ['44', '33', '5', '77', '7', '3', '14', '55', '16', '27', '9', '2', '10', '18', '8', '11', '28', '20', '35', '31']
2026-06-03 20:36:43,261 INFO fastf1.fastf1.core: Finished loading data for 20 drivers: ['44', '33', '5', '77', '7', '3', '14', '55', '16', '27', '9', '2', '10', '18', '8', '11', '28', '20', '35', '31']
2026-06-03 20:36:43,292 INFO __main__: Pulling 2018 round 16 (race=True, quali=False)
core           INFO 	Loading data for Russian Grand Prix - Race [v3.4.4]
2026-06-03 20:36:43,841 INFO fastf1.fastf1.core: Loading data for Russian Grand Prix - Race [v3.4.4]
req            INFO 	Using cached data for session_info
2026-06-03 20:36:43,842 INFO fastf1.fastf1.req: Using cached data for session_info
req            INFO 	Using cached data for driver_info
2026-06-03 20:36:43,843 INFO fastf1.fastf1.req: Using cached data for driver_info
core           INFO 	Finished loading data for 20 drivers: ['44', '77', '5', '7', '33', '3', '16', '20', '31', '11', '8', '27', '9', '14', '18', '2', '55', '35', '10', '28']
2026-06-03 20:36:44,049 INFO fastf1.fastf1.core: Finished loading data for 20 drivers: ['44', '77', '5', '7', '33', '3', '16', '20', '31', '11', '8', '27', '9', '14', '18', '2', '55', '35', '10', '28']
2026-06-03 20:36:44,075 INFO __main__: Pulling 2018 round 17 (race=True, quali=False)
core           INFO 	Loading data for Japanese Grand Prix - Race [v3.4.4]
2026-06-03 20:36:44,627 INFO fastf1.fastf1.core: Loading data for Japanese Grand Prix - Race [v3.4.4]
req            INFO 	Using cached data for session_info
2026-06-03 20:36:44,628 INFO fastf1.fastf1.req: Using cached data for session_info
req            INFO 	Using cached data for driver_info
2026-06-03 20:36:44,629 INFO fastf1.fastf1.req: Using cached data for driver_info
core           INFO 	Finished loading data for 20 drivers: ['44', '77', '33', '3', '7', '5', '11', '8', '31', '55', '10', '9', '28', '14', '2', '35', '18', '16', '27', '20']
2026-06-03 20:36:44,816 INFO fastf1.fastf1.core: Finished loading data for 20 drivers: ['44', '77', '33', '3', '7', '5', '11', '8', '31', '55', '10', '9', '28', '14', '2', '35', '18', '16', '27', '20']
2026-06-03 20:36:44,838 INFO __main__: Pulling 2018 round 18 (race=True, quali=False)
core           INFO 	Loading data for United States Grand Prix - Race [v3.4.4]
2026-06-03 20:36:45,378 INFO fastf1.fastf1.core: Loading data for United States Grand Prix - Race [v3.4.4]
req            INFO 	Using cached data for session_info
2026-06-03 20:36:45,379 INFO fastf1.fastf1.req: Using cached data for session_info
req            INFO 	Using cached data for driver_info
2026-06-03 20:36:45,380 INFO fastf1.fastf1.req: Using cached data for driver_info
core           INFO 	Finished loading data for 20 drivers: ['7', '33', '44', '5', '77', '27', '55', '11', '28', '9', '2', '10', '35', '18', '16', '3', '8', '14', '31', '20']
2026-06-03 20:36:45,730 INFO fastf1.fastf1.core: Finished loading data for 20 drivers: ['7', '33', '44', '5', '77', '27', '55', '11', '28', '9', '2', '10', '35', '18', '16', '3', '8', '14', '31', '20']
2026-06-03 20:36:45,752 INFO __main__: Pulling 2018 round 19 (race=True, quali=False)
core           INFO 	Loading data for Mexican Grand Prix - Race [v3.4.4]
2026-06-03 20:36:46,305 INFO fastf1.fastf1.core: Loading data for Mexican Grand Prix - Race [v3.4.4]
req            INFO 	Using cached data for session_info
2026-06-03 20:36:46,306 INFO fastf1.fastf1.req: Using cached data for session_info
req            INFO 	Using cached data for driver_info
2026-06-03 20:36:46,307 INFO fastf1.fastf1.req: Using cached data for driver_info
core           INFO 	Finished loading data for 20 drivers: ['33', '5', '7', '44', '77', '27', '16', '2', '9', '10', '31', '18', '35', '28', '20', '8', '3', '11', '55', '14']
2026-06-03 20:36:46,572 INFO fastf1.fastf1.core: Finished loading data for 20 drivers: ['33', '5', '7', '44', '77', '27', '16', '2', '9', '10', '31', '18', '35', '28', '20', '8', '3', '11', '55', '14']
2026-06-03 20:36:46,598 INFO __main__: Pulling 2018 round 20 (race=True, quali=False)
core           INFO 	Loading data for Brazilian Grand Prix - Race [v3.4.4]
2026-06-03 20:36:47,153 INFO fastf1.fastf1.core: Loading data for Brazilian Grand Prix - Race [v3.4.4]
req            INFO 	Using cached data for session_info
2026-06-03 20:36:47,154 INFO fastf1.fastf1.req: Using cached data for session_info
req            INFO 	Using cached data for driver_info
2026-06-03 20:36:47,155 INFO fastf1.fastf1.req: Using cached data for driver_info
core           INFO 	Finished loading data for 20 drivers: ['44', '33', '7', '3', '77', '5', '16', '8', '20', '11', '28', '55', '10', '2', '31', '35', '14', '18', '27', '9']
2026-06-03 20:36:47,362 INFO fastf1.fastf1.core: Finished loading data for 20 drivers: ['44', '33', '7', '3', '77', '5', '16', '8', '20', '11', '28', '55', '10', '2', '31', '35', '14', '18', '27', '9']
2026-06-03 20:36:47,393 INFO __main__: Pulling 2018 round 21 (race=True, quali=False)
